MAP
    IMAGETYPE      PNG24
    EXTENT         113.156360 -43.642890 153.638340 -10.687530
    SIZE           800 500
    SHAPEPATH      "data"
    IMAGECOLOR     -1 -1 -1
    FONTSET        "/www/projects/tdh/fonts/fonts.list"
    SYMBOLSET      "/www/projects/tdh/symbols/symbols35.sym"

    WEB
        TEMPLATE  '/www/projects/tdh/picard/code/map.php'
        IMAGEPATH '/www/tmp/'   ## full path to image folder
        IMAGEURL  '/tmp/'       ## web  path ''   ''    ''
    END

    LAYER 
        NAME         request
        DATA         "/www/projects/tdh/gis/rainfall/rainfall.asc"
        STATUS       ON
        TYPE         RASTER
        PROCESSING   "BANDS=1"
        OFFSITE      -1 -1 -1
    END 

    LAYER 
        NAME         request
        DATA         "/www/projects/tdh/gis/Australia_states/data/Australia_states"
        STATUS       ON
        TYPE         POLYGON

        CLASSITEM    "ISLAND_NAM"
        LABELITEM    "ISLAND_NAM"

        CLASS
            NAME        'Queensland'
            EXPRESSION  'QUEENSLAND'

            STYLE
                COLOR     20 0 0
            END
        END

        CLASS
            NAME       'Victoria'
            EXPRESSION 'VICTORIA'

            STYLE
                COLOR     000 100 0
            END
        END


        CLASS
            NAME       "Australia_states"

            STYLE
                COLOR    100 100 100
            END

            LABEL
                COLOR 255 255 255
                SHADOWCOLOR 0 0 0
                SHADOWSIZE  0 0
                TYPE        TRUETYPE
                FONT        arial
                SIZE        12
                ANTIALIAS   TRUE
                POSITION    CC
                PARTIALS    FALSE
                MINDISTANCE 100
                BUFFER      4
            END

        END 

    END


    LAYER 
        NAME    request 
        DATA    "/www/projects/tdh/gis/Australia_states/data/Australia_states"
        STATUS  ON
        TYPE    LINE

        CLASS
            NAME       "Australia_states"

            STYLE
                COLOR    255 10 0
                WIDTH    1
            END
        END

    END
END 
